     1                                          ;=======================================================================
     2                                          ORG     0xc200      ; 0xc200 = 0x8000 + 0x4200
     3                                                              ; イメージファイルの 0x4200 アドレス番目に書き込まれている
     4                                                              ; また,先で 0x8000 以降を使うことに決めている
     5                                  
     6                                          ;=======================================================================
     7                                          ; [INT(0x10); ビデオ関係](http://oswiki.osask.jp/?%28AT%29BIOS#n5884802)
     8                                          ; ビデオモード設定
     9                                          ;   AH = 0x00;
    10                                          ;   AL = モード： (マイナーな画面モードは省略しています)
    11                                          ;     0x03：16色テキスト、80x25
    12                                          ;     0x12：VGAグラフィックス、640x480x4bitカラー、独自プレーンアクセス
    13                                          ;     0x13：VGAグラフィックス、320x200x8bitカラー、パックドピクセル
    14                                          ;     0x6a：拡張VGAグラフィックス、800x600x4bitカラー、独自プレーンアクセス（ビデオカードによってはサポートされない）
    15                                          ;   戻り値：なし
    16 00000000 B013                            MOV     AL, 0x13    ; VGA graphics, 320x200x(8 bit color)
    17 00000002 B400                            MOV     AH, 0x00
    18 00000004 CD10                            INT     0x10
    19                                  
    20                                  fin:
    21 00000006 F4                              HLT
    22 00000007 EBFD                            JMP     fin
