     1                                  ; hello-os
     2                                  ; TAB=4
     3                                  
     4 00000000 EB4E90                      DB      0xeb, 0x4e, 0x90
     5 00000003 48454C4C4F49504C            DB      "HELLOIPL"      ; ブートセレクタの名前を自由にかいていよい  (8Byte)
     6 0000000B 0002                        DW      512             ; 1セクタの大きさ                           (512にしなければならない)
     7 0000000D 01                          DB      1               ; クラスタの大きさ                          (1セクタにしなければならない)
     8 0000000E 0100                        DW      1               ; FATがどこから始まるか                     (普通は1セクタ目からにする)
     9 00000010 02                          DB      2               ; FATの個数                                 (2にしなければならない)
    10 00000011 E000                        DW      224             ; ルートディレクトリ領域の大きさ            (普通は224エントリにする)
    11 00000013 400B                        DW      2880            ; このドライブの大きさ                      (2880セクタにしなければならない)
    12 00000015 F0                          DB      0xf0            ; メディアタイプ                            (0xf0にしなければならない)
    13 00000016 0900                        DW      9               ; FAT領域の長さ                             (9セクタにしなければならない)
    14 00000018 1200                        DW      18              ; 1トラックにいくつのセクタがあるか         (18にしなければならない)
    15 0000001A 0200                        DW      2               ; ヘッドの数                                (2にしなければならない)
    16 0000001C 00000000                    DD      0               ; パーティションを使っていないのでここは必ず0
    17 00000020 400B0000                    DD      2880            ; このドライブの大きさをもう一度書く
    18 00000024 000029                      DB      0, 0, 0x29      ; よくわからないけどこの値にしておくといいらしい
    19 00000027 FFFFFFFF                    DD      0xffffffff      ; たぶんボリュームシリアル番号
    20 0000002B 48454C4C4F2D4F5320-         DB      "HELLO-OS   "   ; ディスクの名前                            (11Byte)
    21 00000034 2020               
    22 00000036 4641543132202020            DB      "FAT12   "      ; フォーマットの名前                        (8Byte)
    23 0000003E <res 00000012>              RESB    18              ; とりあえず18バイト開けておく
    24          ******************       warning: uninitialized space declared in .text section: zeroing
    25                                  
    26                                  ; Program Main Body
    27                                  
    28 00000050 B800008ED0BC007C            DB  0xb8, 0x00, 0x00, 0x8e, 0xd0, 0xbc, 0x00, 0x7c
    29 00000058 8ED88EC0BE747C8A            DB  0x8e, 0xd8, 0x8e, 0xc0, 0xbe, 0x74, 0x7c, 0x8a
    30 00000060 0483C6013C007409            DB  0x04, 0x83, 0xc6, 0x01, 0x3c, 0x00, 0x74, 0x09
    31 00000068 B40EBB0F00CD10EB            db  0xb4, 0x0e, 0xbb, 0x0f, 0x00, 0xcd, 0x10, 0xeb
    32 00000070 EEF4EBFD                    db  0xee, 0xf4, 0xeb, 0xfd
    33                                  
    34                                  ; Message
    35                                  
    36 00000074 0A0A                        db      0x0a, 0x0a
    37 00000076 68656C6C6F2C20776F-         db      "hello, world"
    38 0000007F 726C64             
    39 00000082 0A                          db      0x0a
    40 00000083 00                          db      0
    41                                  
    42 00000084 <res 0000017A>              resb    0x1fe-($-$$)
    43          ******************       warning: uninitialized space declared in .text section: zeroing
    44                                  
    45 000001FE 55AA                        db      0x55, 0xaa
    46                                  
    47                                  ; ブート以外の記述
    48                                  
    49 00000200 F0FFFF0000000000            db      0xf0, 0xff, 0xff, 0x00, 0x00, 0x00, 0x00, 0x00
    50 00000208 <res 000011F8>              resb    4600
    51          ******************       warning: uninitialized space declared in .text section: zeroing
    52 00001400 F0FFFF0000000000            db      0xf0, 0xff, 0xff, 0x00, 0x00, 0x00, 0x00, 0x00
    53 00001408 <res 00166BF8>              resb    1469432
    54          ******************       warning: uninitialized space declared in .text section: zeroing
